{"channels":[{"id":"BBCNews.uk","name":"BBC News","site":"sky.com","lang":"fr","logo":"https://i.imgur.com/rPzH88J.png","url":"https://sky.com"},{"id":"CNN.us","name":"CNN","site":"sky.com","lang":"fr","logo":"https://www.directv.com/images/logos/channels/dark/large/579.png","url":"https://sky.com"}],"programs":[{"site":"sky.com","channel":"BBCNews.uk","titles":[{"value":"BBC News at One","lang":"fr"}],"sub_titles":[],"descriptions":[{"value":"Les derni√®res nouvelles nationales et internationales de la BBC. [S,SL]","lang":"fr"}],"icon":{"src":"http://epgstatic.sky.com/epgdata/1.0/paimage/46/1/lisa/5.2.2/linear/channel/ca247bc8-6be0-48f9-88d1-865f87f7680e/2011"},"episodeNumbers":[],"date":null,"start":1666872000000,"stop":1666873800000,"urls":[],"ratings":[],"categories":[],"directors":[],"actors":[],"writers":[],"adapters":[],"producers":[],"composers":[],"editors":[],"presenters":[],"commentators":[],"guests":[]},{"site":"sky.com","channel":"CNN.us","titles":[{"value":"French title","lang":"fr"}],"sub_titles":[],"descriptions":[],"icon":{"src":""},"episodeNumbers":[],"date":null,"start":1666872000000,"stop":1666873800000,"urls":[],"ratings":[],"categories":[],"directors":[],"actors":[],"writers":[],"adapters":[],"producers":[],"composers":[],"editors":[],"presenters":[],"commentators":[],"guests":[]}],"date":"2022-10-20"}