{"channels":[{"id":"MNetMovies2.za","name":"M-Net Movies 2","site":"dstv.com","site_id":"404a052b-3dea-4cac-a19c-de9a7d6f191d#MAP","lang":"en","logo":"https://rndcdn.dstv.com/dstvcms/2020/08/31/M-Net_Movies_2_Logo_4-3_lightbackground_xlrg.png","url":"https://dstv.com"}],"programs":[{"site":"dstv.com","channel":"MNetMovies2.za","titles":[{"value":"Robin Hood","lang":"en"}],"sub_titles":[],"descriptions":[],"icon":{"src":""},"episodeNumbers":[{"system":"xmltv_ns","value":"8.256.0/1"},{"system":"onscreen","value":"S09E257"}],"date":null,"start":1641822300000,"stop":1641829200000,"urls":[],"ratings":[],"categories":[],"directors":[],"actors":[],"writers":[],"adapters":[],"producers":[],"composers":[],"editors":[],"presenters":[],"commentators":[],"guests":[]}]}