<?xml version="1.0" encoding="UTF-8" ?><tv date="20220505">
<channel id="MNetMovies2.za"><display-name>M-Net Movies 2</display-name><icon src="https://rndcdn.dstv.com/dstvcms/2020/08/31/M-Net_Movies_2_Logo_4-3_lightbackground_xlrg.png"/><url>https://dstv.com</url></channel>
<programme start="20220110134500 +0000" stop="20220110154000 +0000" channel="MNetMovies2.za"><title lang="en">Robin Hood</title><episode-num system="xmltv_ns">8.256.0/1</episode-num><episode-num system="onscreen">S09E257</episode-num></programme>
</tv>