<?xml version="1.0" encoding="UTF-8" ?><tv date="20220505">
<channel id="CNNInternationalEurope.us"><display-name>CNN International</display-name><icon src="https://i.imgur.com/2BXCg0x.jpg"/><url>https://magticom.ge</url></channel>
<programme start="20220110000000 +0000" stop="20220110010000 +0000" channel="CNNInternationalEurope.us"><title>CNN Newsroom Sunday</title><desc>Свежая мировая информационная сводка от CNN. О политике, экономике, общественной жизни, культуре, спорте.</desc><category>Category1</category><category>Category2</category></programme>
<programme start="20220110010000 +0000" stop="20220110020000 +0000" channel="CNNInternationalEurope.us"><title>Fareed Zakaria GPS</title><desc>Интервью с главными игроками мировой политики.</desc><category>Category1</category></programme>
<programme start="20220110020000 +0000" stop="20220110023000 +0000" channel="CNNInternationalEurope.us"><title>African Voices Changemakers. 114-я серия</title><desc>114-я серия. Африка сегодня - люди, новости, события.</desc></programme>
<programme start="20220110023000 +0000" stop="20220110024500 +0000" channel="CNNInternationalEurope.us"><title>Marketplace Africa. 549-я серия</title><desc>549-я серия. Информационная передача об экономических событиях африканского региона. Анализируются проблемы, даются экономические прогнозы.</desc></programme>
<programme start="20220110024500 +0000" stop="20220110030000 +0000" channel="CNNInternationalEurope.us"><title>Marketplace Africa. 548-я серия</title><desc>548-я серия. Информационная передача об экономических событиях африканского региона. Анализируются проблемы, даются экономические прогнозы.</desc></programme>
<programme start="20220110030000 +0000" stop="20220110033000 +0000" channel="CNNInternationalEurope.us"><title>TBD</title><desc>Информационно-познавательный проект CNN.</desc></programme>
<programme start="20220110033000 +0000" stop="20220110040000 +0000" channel="CNNInternationalEurope.us"><title>Inside Africa. 586-я серия</title><desc>586-я серия. Своеобразное &quot;путешествие&quot; по Африке - почувствуйте все разнообразие культур различных стран и регионов континента.</desc></programme>
<programme start="20220110040000 +0000" stop="20220110044500 +0000" channel="CNNInternationalEurope.us"><title>CNN Newsroom with Michael Holmes</title><desc>Обзор самых важных и актуальных новостей и событий из жизни страны и мира.</desc></programme>
<programme start="20220110044500 +0000" stop="20220110050000 +0000" channel="CNNInternationalEurope.us"><title>World Sport</title><desc>Все о главных спортивных событиях мира. Обзоры самых важных спортивных событий, аналитика, мнения экспертов.</desc></programme>
<programme start="20220110050000 +0000" stop="20220110060000 +0000" channel="CNNInternationalEurope.us"><title>CNN Newsroom with Michael Holmes</title><desc>Обзор самых важных и актуальных новостей и событий из жизни страны и мира.</desc></programme>
<programme start="20220110060000 +0000" stop="20220110064500 +0000" channel="CNNInternationalEurope.us"><title>CNN Newsroom with Robyn Curnow</title><desc>Обзор самых важных и актуальных новостей и событий из жизни страны и мира.</desc></programme>
<programme start="20220110064500 +0000" stop="20220110070000 +0000" channel="CNNInternationalEurope.us"><title>World Sport</title><desc>Все о главных спортивных событиях мира. Обзоры самых важных спортивных событий, аналитика, мнения экспертов.</desc></programme>
<programme start="20220110070000 +0000" stop="20220110090000 +0000" channel="CNNInternationalEurope.us"><title>CNN Newsroom with Rosemary Church</title><desc>Свежая мировая информационная сводка от CNN. О политике, экономике, общественной жизни, культуре, спорте.</desc></programme>
<programme start="20220110090000 +0000" stop="20220110100000 +0000" channel="CNNInternationalEurope.us"><title>Early Start</title><desc>Новости дня с Кристиной Романс и Дейвом Бриггсом.</desc></programme>
<programme start="20220110100000 +0000" stop="20220110123000 +0000" channel="CNNInternationalEurope.us"><title>New Day</title><desc>Свежий обзор событий в стране и мире.</desc></programme>
<programme start="20220110123000 +0000" stop="20220110130000 +0000" channel="CNNInternationalEurope.us"><title>World Sport</title><desc>Все о главных спортивных событиях мира. Обзоры самых важных спортивных событий, аналитика, мнения экспертов.</desc></programme>
<programme start="20220110130000 +0000" stop="20220110140000 +0000" channel="CNNInternationalEurope.us"><title>First Move with Julia Chatterley</title><desc>Несколько больших историй, связанных с открытием рынков в США.</desc></programme>
<programme start="20220110140000 +0000" stop="20220110144500 +0000" channel="CNNInternationalEurope.us"><title>Connect the World</title><desc>Актуальная мировая информация с разных континентов.</desc></programme>
<programme start="20220110144500 +0000" stop="20220110150000 +0000" channel="CNNInternationalEurope.us"><title>World Sport</title><desc>Все о главных спортивных событиях мира. Обзоры самых важных спортивных событий, аналитика, мнения экспертов.</desc></programme>
<programme start="20220110150000 +0000" stop="20220110160000 +0000" channel="CNNInternationalEurope.us"><title>Connect the World</title><desc>Актуальная мировая информация с разных континентов.</desc></programme>
<programme start="20220110160000 +0000" stop="20220110164500 +0000" channel="CNNInternationalEurope.us"><title>One World with Zain Asher</title><desc>Освещаются важные новости с каждого континента, от политики и текущих дел до социальных вопросов и многого другого.</desc></programme>
<programme start="20220110164500 +0000" stop="20220110170000 +0000" channel="CNNInternationalEurope.us"><title>Marketplace Africa. 549-я серия</title><desc>549-я серия. Информационная передача об экономических событиях африканского региона. Анализируются проблемы, даются экономические прогнозы.</desc></programme>
<programme start="20220110170000 +0000" stop="20220110180000 +0000" channel="CNNInternationalEurope.us"><title>Amanpour</title><desc>Сводка новостей от знаменитой ведущей канала CNN.</desc></programme>
<programme start="20220110180000 +0000" stop="20220110190000 +0000" channel="CNNInternationalEurope.us"><title>Hala Gorani Tonight</title><desc>Используя свой 25-летний журналистский опыт, Хала Горани будет освещать ключевые события в картине дня посредством диалога с гостями и экспертами-аналитиками.</desc></programme>
<programme start="20220110190000 +0000" stop="20220110194500 +0000" channel="CNNInternationalEurope.us"><title>Quest Means Business</title><desc>Ричард Квест возглавляет группу экспертов и корреспондентов, чтобы предоставить актуальные факты, цифры и анализ из делового мира.</desc></programme>
<programme start="20220110194500 +0000" stop="20220110200000 +0000" channel="CNNInternationalEurope.us"><title>Connecting Africa. 114-я серия</title><desc>114-я серия. Проект, рассказывающий о людях и компаниях, которые совершают революцию в африканском бизнесе, и о тех, кто объединяет континент, выступая за свободную торговлю в Африке.</desc></programme>
<programme start="20220110200000 +0000" stop="20220110210000 +0000" channel="CNNInternationalEurope.us"><title>The Lead with Jake Tapper</title><desc>Оперативная сводка новостей страны и мира.</desc></programme>
<programme start="20220110210000 +0000" stop="20220110213000 +0000" channel="CNNInternationalEurope.us"><title>The Global Brief with Bianca Nobilo</title><desc>Global Brief с Бьянкой Нобило проницательно исследует меняющийся мир для меняющейся аудитории, обеспечивая непревзойденную глубину и качество для занятых зрителей в быстро меняющемся мире.</desc></programme>
<programme start="20220110213000 +0000" stop="20220110220000 +0000" channel="CNNInternationalEurope.us"><title>World Sport</title><desc>Все о главных спортивных событиях мира. Обзоры самых важных спортивных событий, аналитика, мнения экспертов.</desc></programme>
<programme start="20220110220000 +0000" stop="20220110230000 +0000" channel="CNNInternationalEurope.us"><title>The Situation Room with Wolf Blitzer</title><desc>Командный центр новостей, политики и неординарных репортажей со всего мира.</desc></programme>
<programme start="20220110230000 +0000" stop="20220111000000 +0000" channel="CNNInternationalEurope.us"><title>Erin Burnett OutFront</title><desc>Обсуждение самых важных мировых тем в эфире канала CNN.</desc></programme>
<programme start="20220111000000 +0000" stop="20220111010000 +0000" channel="CNNInternationalEurope.us"><title>Anderson Cooper 360</title><desc>Уникальный взгляд Андерсона Купера на главные события мира.</desc></programme>
</tv>