{"channels":[{"id":"CNNInternationalEurope.us","name":"CNN International","site":"magticom.ge","site_id":"140","lang":"ru","logo":"https://i.imgur.com/2BXCg0x.jpg","url":"https://magticom.ge"}],"programs":[]}