{"channels":[{"id":"BBCNews.uk","name":"BBC News","site":"sky.com","lang":"en","logo":"https://i.imgur.com/rPzH88J.png","url":"https://sky.com"}],"programs":[{"site":"sky.com","channel":"BBCNews.uk","titles":[{"value":"BBC News at One","lang":"en"}],"sub_titles":[],"descriptions":[{"value":"The latest national and international news from the BBC. [S,SL]","lang":"en"}],"icon":{"src":"http://epgstatic.sky.com/epgdata/1.0/paimage/46/1/lisa/5.2.2/linear/channel/ca247bc8-6be0-48f9-88d1-865f87f7680e/2011"},"episodeNumbers":[],"date":null,"start":1666872000000,"stop":1666873800000,"urls":[],"ratings":[],"categories":[],"directors":[],"actors":[],"writers":[],"adapters":[],"producers":[],"composers":[],"editors":[],"presenters":[],"commentators":[],"guests":[]}],"date":"2022-10-20"}