{"channels":[{"id":"BBCNews.uk","name":"BBC News","site":"virginmedia.com","lang":"en","logo":"https://i.imgur.com/rPzH88J.png","url":"https://virginmedia.com"}],"programs":[{"site":"virginmedia.com","channel":"BBCNews.uk","titles":[{"value":"BBC News at One","lang":"en"}],"sub_titles":[],"descriptions":[{"value":"The latest national and international news, followed by weather.","lang":"en"}],"icon":{"src":""},"episodeNumbers":[{"system":"xmltv_ns","value":"96839999.145799123.0/1"},{"system":"onscreen","value":"S96840000E145799124"}],"date":null,"start":1666872000000,"stop":1666873800000,"urls":[],"ratings":[],"categories":[{"value":"News","lang":"en"}],"directors":[],"actors":[],"writers":[],"adapters":[],"producers":[],"composers":[],"editors":[],"presenters":[],"commentators":[],"guests":[]}],"date":"2022-10-20"}