<?xml version="1.0" encoding="UTF-8" ?><tv>
<channel id="AndorraTV.ad"><display-name>Andorra TV</display-name><url>https://andorradifusio.ad</url></channel>
<programme start="20220109070000 +0000" stop="20220109080000 +0000" channel="AndorraTV.ad"><title lang="ca">InfoNeu</title></programme>
<programme start="20220109080000 +0000" stop="20220109090000 +0000" channel="AndorraTV.ad"><title lang="ca">Club Piolet</title></programme>
<programme start="20220109090000 +0000" stop="20220109120000 +0000" channel="AndorraTV.ad"><title lang="ca">InfoNeu</title></programme>
<programme start="20220109120000 +0000" stop="20220109122000 +0000" channel="AndorraTV.ad"><title lang="ca">Andorra Actualitat (RNA)</title></programme>
<programme start="20220109122000 +0000" stop="20220109124000 +0000" channel="AndorraTV.ad"><title lang="ca">El Trànsit</title></programme>
<programme start="20220109124000 +0000" stop="20220109124500 +0000" channel="AndorraTV.ad"><title lang="ca">El Trànsit</title></programme>
<programme start="20220109124500 +0000" stop="20220109131000 +0000" channel="AndorraTV.ad"><title lang="ca">Informatiu migdia</title></programme>
<programme start="20220109131000 +0000" stop="20220109135000 +0000" channel="AndorraTV.ad"><title lang="ca">El Trànsit</title></programme>
<programme start="20220109135000 +0000" stop="20220109140000 +0000" channel="AndorraTV.ad"><title lang="ca">La Terre vue du Sport</title></programme>
<programme start="20220109140000 +0000" stop="20220109142500 +0000" channel="AndorraTV.ad"><title lang="ca">Informatiu migdia</title></programme>
<programme start="20220109142500 +0000" stop="20220109152500 +0000" channel="AndorraTV.ad"><title lang="ca">Club Piolet</title></programme>
<programme start="20220109152500 +0000" stop="20220109155000 +0000" channel="AndorraTV.ad"><title lang="ca">Informatiu migdia</title></programme>
<programme start="20220109155000 +0000" stop="20220109175500 +0000" channel="AndorraTV.ad"><title lang="ca">El Trànsit</title></programme>
<programme start="20220109175500 +0000" stop="20220109184000 +0000" channel="AndorraTV.ad"><title lang="ca">La rotonda</title></programme>
<programme start="20220109184000 +0000" stop="20220109194000 +0000" channel="AndorraTV.ad"><title lang="ca">Club Piolet</title></programme>
<programme start="20220109194000 +0000" stop="20220109194500 +0000" channel="AndorraTV.ad"><title lang="ca">El Trànsit</title></programme>
<programme start="20220109194500 +0000" stop="20220109201000 +0000" channel="AndorraTV.ad"><title lang="ca">Informatiu vespre</title></programme>
<programme start="20220109201000 +0000" stop="20220109204500 +0000" channel="AndorraTV.ad"><title lang="ca">Recull setmanal</title></programme>
<programme start="20220109204500 +0000" stop="20220109213000 +0000" channel="AndorraTV.ad"><title lang="ca">Memòries d&apos;arxiu: 10 anys d&apos;ATV</title></programme>
<programme start="20220109213000 +0000" stop="20220109222000 +0000" channel="AndorraTV.ad"><title lang="ca">El cafè dels matins</title></programme>
<programme start="20220109222000 +0000" stop="20220109223000 +0000" channel="AndorraTV.ad"><title lang="ca">La Terre vue du Sport</title></programme>
<programme start="20220109223000 +0000" stop="20220110000000 +0000" channel="AndorraTV.ad"><title lang="ca">Informatiu vespre</title></programme>
<programme start="20220110000000 +0000" stop="20220110010000 +0000" channel="AndorraTV.ad"><title lang="ca">Àrea Andorra Difusió</title></programme>
</tv>