{"channels":[{"id":"CNNInternationalEurope.us","name":"CNN International","site":"chaines-tv.orange.fr","site_id":"53","lang":"fr","logo":"https://i.imgur.com/2BXCg0x.jpg","url":"https://chaines-tv.orange.fr"}],"programs":[{"site":"chaines-tv.orange.fr","channel":"CNNInternationalEurope.us","titles":[{"value":"World Sport","lang":"fr"}],"sub_titles":[],"descriptions":[{"value":"Все о главных спортивных событиях мира. Обзоры самых важных спортивных событий, аналитика, мнения экспертов.","lang":"fr"}],"icon":{"src":""},"episodeNumbers":[],"date":null,"start":1641825900000,"stop":1641826800000,"urls":[],"ratings":[],"categories":[],"directors":[],"actors":[],"writers":[],"adapters":[],"producers":[],"composers":[],"editors":[],"presenters":[],"commentators":[],"guests":[]},{"site":"chaines-tv.orange.fr","channel":"CNNInternationalEurope.us","titles":[{"value":"Connecting Africa. 114-я серия","lang":"fr"}],"sub_titles":[],"descriptions":[{"value":"114-я серия. Проект, рассказывающий о людях и компаниях, которые совершают революцию в африканском бизнесе, и о тех, кто объединяет континент, выступая за свободную торговлю в Африке.","lang":"fr"}],"icon":{"src":""},"episodeNumbers":[],"date":null,"start":1641843900000,"stop":1641844800000,"urls":[],"ratings":[],"categories":[],"directors":[],"actors":[],"writers":[],"adapters":[],"producers":[],"composers":[],"editors":[],"presenters":[],"commentators":[],"guests":[]}]}