<?xml version="1.0" encoding="UTF-8" ?><tv date="20220505">
<channel id="CNNInternationalEurope.us"><display-name>CNN International</display-name><icon src="https://i.imgur.com/2BXCg0x.jpg"/><url>https://chaines-tv.orange.fr</url></channel>
<programme start="20220110144500 +0000" stop="20220110150000 +0000" channel="CNNInternationalEurope.us"><title lang="fr">World Sport</title><desc lang="fr">Все о главных спортивных событиях мира. Обзоры самых важных спортивных событий, аналитика, мнения экспертов.</desc></programme>
<programme start="20220110194500 +0000" stop="20220110200000 +0000" channel="CNNInternationalEurope.us"><title lang="fr">Connecting Africa. 114-я серия</title><desc lang="fr">114-я серия. Проект, рассказывающий о людях и компаниях, которые совершают революцию в африканском бизнесе, и о тех, кто объединяет континент, выступая за свободную торговлю в Африке.</desc></programme>
</tv>