[{"id":"CNNInternationalEurope.us","name":["CNN International Europe","CNN Int"],"logo":"https://proxymedia.woopic.com/api/v1/images/553%2Flogos%2Fv2%2Flogos%2Flivetv_cnn%2F20151026_092415%2FwebTVLogo%2Flogo_180x96.png","country":"US"},{"id":"MNetMovies2.za","name":["M-Net Movies 2"],"logo":"https://rndcdn.dstv.com/dstvcms/2020/08/31/M-Net_Movies_2_Logo_4-3_lightbackground_xlrg.png","country":"ZA"}]