[{"channel":"CNNInternationalEurope.us","display_name":"CNN International Europe","site":"chaines-tv.orange.fr","lang":"fr","url":"https://iptv-org.github.io/epg/guides/fr/chaines-tv.orange.fr.epg.xml"},{"channel":"CNNInternationalEurope.us","display_name":"CNN International Europe","site":"chaines-tv.orange.fr","lang":"fr","url":"https://iptv-org.github.io/epg/guides/bh/chaines-tv.orange.fr.epg.xml"},{"channel":"MNetMovies2.za","display_name":"M-Net Movies 2","site":"dstv.com","lang":"en","url":"https://iptv-org.github.io/epg/guides/zw/dstv.com.epg.xml"}]