{"CNNInternationalEurope.us":[{"channel":"CNNInternationalEurope.us","title":[{"lang":"ru","value":"CNN Newsroom Sunday"}],"description":[{"lang":"ru","value":"Свежая мировая информационная сводка от CNN. О политике, экономике, общественной жизни, культуре, спорте."}],"categories":[],"image":null,"start":1641772800,"stop":1641776400},{"channel":"CNNInternationalEurope.us","title":[{"lang":"ru","value":"Fareed Zakaria GPS"}],"description":[{"lang":"ru","value":"Интервью с главными игроками мировой политики."}],"categories":[],"image":null,"start":1641776400,"stop":1641780000},{"channel":"CNNInternationalEurope.us","title":[{"lang":"ru","value":"African Voices Changemakers. 114-я серия"}],"description":[{"lang":"ru","value":"114-я серия. Африка сегодня - люди, новости, события."}],"categories":[],"image":null,"start":1641780000,"stop":1641781800},{"channel":"CNNInternationalEurope.us","title":[{"lang":"ru","value":"Marketplace Africa. 549-я серия"}],"description":[{"lang":"ru","value":"549-я серия. Информационная передача об экономических событиях африканского региона. Анализируются проблемы, даются экономические прогнозы."}],"categories":[],"image":null,"start":1641781800,"stop":1641782700},{"channel":"CNNInternationalEurope.us","title":[{"lang":"ru","value":"Marketplace Africa. 548-я серия"}],"description":[{"lang":"ru","value":"548-я серия. Информационная передача об экономических событиях африканского региона. Анализируются проблемы, даются экономические прогнозы."}],"categories":[],"image":null,"start":1641782700,"stop":1641783600},{"channel":"CNNInternationalEurope.us","title":[{"lang":"ru","value":"TBD"}],"description":[{"lang":"ru","value":"Информационно-познавательный проект CNN."}],"categories":[],"image":null,"start":1641783600,"stop":1641785400},{"channel":"CNNInternationalEurope.us","title":[{"lang":"ru","value":"Inside Africa. 586-я серия"}],"description":[{"lang":"ru","value":"586-я серия. Своеобразное \"путешествие\" по Африке - почувствуйте все разнообразие культур различных стран и регионов континента."}],"categories":[],"image":null,"start":1641785400,"stop":1641787200},{"channel":"CNNInternationalEurope.us","title":[{"lang":"ru","value":"CNN Newsroom with Michael Holmes"}],"description":[{"lang":"ru","value":"Обзор самых важных и актуальных новостей и событий из жизни страны и мира."}],"categories":[],"image":null,"start":1641787200,"stop":1641789900},{"channel":"CNNInternationalEurope.us","title":[{"lang":"ru","value":"World Sport"}],"description":[{"lang":"ru","value":"Все о главных спортивных событиях мира. Обзоры самых важных спортивных событий, аналитика, мнения экспертов."}],"categories":[],"image":null,"start":1641789900,"stop":1641790800},{"channel":"CNNInternationalEurope.us","title":[{"lang":"ru","value":"CNN Newsroom with Michael Holmes"}],"description":[{"lang":"ru","value":"Обзор самых важных и актуальных новостей и событий из жизни страны и мира."}],"categories":[],"image":null,"start":1641790800,"stop":1641794400},{"channel":"CNNInternationalEurope.us","title":[{"lang":"ru","value":"CNN Newsroom with Robyn Curnow"}],"description":[{"lang":"ru","value":"Обзор самых важных и актуальных новостей и событий из жизни страны и мира."}],"categories":[],"image":null,"start":1641794400,"stop":1641797100},{"channel":"CNNInternationalEurope.us","title":[{"lang":"ru","value":"World Sport"}],"description":[{"lang":"ru","value":"Все о главных спортивных событиях мира. Обзоры самых важных спортивных событий, аналитика, мнения экспертов."}],"categories":[],"image":null,"start":1641797100,"stop":1641798000},{"channel":"CNNInternationalEurope.us","title":[{"lang":"ru","value":"CNN Newsroom with Rosemary Church"}],"description":[{"lang":"ru","value":"Свежая мировая информационная сводка от CNN. О политике, экономике, общественной жизни, культуре, спорте."}],"categories":[],"image":null,"start":1641798000,"stop":1641805200},{"channel":"CNNInternationalEurope.us","title":[{"lang":"ru","value":"Early Start"}],"description":[{"lang":"ru","value":"Новости дня с Кристиной Романс и Дейвом Бриггсом."}],"categories":[],"image":null,"start":1641805200,"stop":1641808800},{"channel":"CNNInternationalEurope.us","title":[{"lang":"ru","value":"New Day"}],"description":[{"lang":"ru","value":"Свежий обзор событий в стране и мире."}],"categories":[],"image":null,"start":1641808800,"stop":1641817800},{"channel":"CNNInternationalEurope.us","title":[{"lang":"ru","value":"World Sport"}],"description":[{"lang":"ru","value":"Все о главных спортивных событиях мира. Обзоры самых важных спортивных событий, аналитика, мнения экспертов."}],"categories":[],"image":null,"start":1641817800,"stop":1641819600},{"channel":"CNNInternationalEurope.us","title":[{"lang":"ru","value":"First Move with Julia Chatterley"}],"description":[{"lang":"ru","value":"Несколько больших историй, связанных с открытием рынков в США."}],"categories":[],"image":null,"start":1641819600,"stop":1641823200},{"channel":"CNNInternationalEurope.us","title":[{"lang":"ru","value":"Connect the World"}],"description":[{"lang":"ru","value":"Актуальная мировая информация с разных континентов."}],"categories":[],"image":null,"start":1641823200,"stop":1641825900},{"channel":"CNNInternationalEurope.us","title":[{"lang":"ru","value":"World Sport"}],"description":[{"lang":"ru","value":"Все о главных спортивных событиях мира. Обзоры самых важных спортивных событий, аналитика, мнения экспертов."}],"categories":[],"image":null,"start":1641825900,"stop":1641826800},{"channel":"CNNInternationalEurope.us","title":[{"lang":"ru","value":"Connect the World"}],"description":[{"lang":"ru","value":"Актуальная мировая информация с разных континентов."}],"categories":[],"image":null,"start":1641826800,"stop":1641830400},{"channel":"CNNInternationalEurope.us","title":[{"lang":"ru","value":"One World with Zain Asher"}],"description":[{"lang":"ru","value":"Освещаются важные новости с каждого континента, от политики и текущих дел до социальных вопросов и многого другого."}],"categories":[],"image":null,"start":1641830400,"stop":1641833100},{"channel":"CNNInternationalEurope.us","title":[{"lang":"ru","value":"Marketplace Africa. 549-я серия"}],"description":[{"lang":"ru","value":"549-я серия. Информационная передача об экономических событиях африканского региона. Анализируются проблемы, даются экономические прогнозы."}],"categories":[],"image":null,"start":1641833100,"stop":1641834000},{"channel":"CNNInternationalEurope.us","title":[{"lang":"ru","value":"Amanpour"}],"description":[{"lang":"ru","value":"Сводка новостей от знаменитой ведущей канала CNN."}],"categories":[],"image":null,"start":1641834000,"stop":1641837600},{"channel":"CNNInternationalEurope.us","title":[{"lang":"ru","value":"Hala Gorani Tonight"}],"description":[{"lang":"ru","value":"Используя свой 25-летний журналистский опыт, Хала Горани будет освещать ключевые события в картине дня посредством диалога с гостями и экспертами-аналитиками."}],"categories":[],"image":null,"start":1641837600,"stop":1641841200},{"channel":"CNNInternationalEurope.us","title":[{"lang":"ru","value":"Quest Means Business"}],"description":[{"lang":"ru","value":"Ричард Квест возглавляет группу экспертов и корреспондентов, чтобы предоставить актуальные факты, цифры и анализ из делового мира."}],"categories":[],"image":null,"start":1641841200,"stop":1641843900},{"channel":"CNNInternationalEurope.us","title":[{"lang":"ru","value":"Connecting Africa. 114-я серия"}],"description":[{"lang":"ru","value":"114-я серия. Проект, рассказывающий о людях и компаниях, которые совершают революцию в африканском бизнесе, и о тех, кто объединяет континент, выступая за свободную торговлю в Африке."}],"categories":[],"image":null,"start":1641843900,"stop":1641844800},{"channel":"CNNInternationalEurope.us","title":[{"lang":"ru","value":"The Lead with Jake Tapper"}],"description":[{"lang":"ru","value":"Оперативная сводка новостей страны и мира."}],"categories":[],"image":null,"start":1641844800,"stop":1641848400},{"channel":"CNNInternationalEurope.us","title":[{"lang":"ru","value":"The Global Brief with Bianca Nobilo"}],"description":[{"lang":"ru","value":"Global Brief с Бьянкой Нобило проницательно исследует меняющийся мир для меняющейся аудитории, обеспечивая непревзойденную глубину и качество для занятых зрителей в быстро меняющемся мире."}],"categories":[],"image":null,"start":1641848400,"stop":1641850200},{"channel":"CNNInternationalEurope.us","title":[{"lang":"ru","value":"World Sport"}],"description":[{"lang":"ru","value":"Все о главных спортивных событиях мира. Обзоры самых важных спортивных событий, аналитика, мнения экспертов."}],"categories":[],"image":null,"start":1641850200,"stop":1641852000},{"channel":"CNNInternationalEurope.us","title":[{"lang":"ru","value":"The Situation Room with Wolf Blitzer"}],"description":[{"lang":"ru","value":"Командный центр новостей, политики и неординарных репортажей со всего мира."}],"categories":[],"image":null,"start":1641852000,"stop":1641855600},{"channel":"CNNInternationalEurope.us","title":[{"lang":"ru","value":"Erin Burnett OutFront"}],"description":[{"lang":"ru","value":"Обсуждение самых важных мировых тем в эфире канала CNN."}],"categories":[],"image":null,"start":1641855600,"stop":1641859200},{"channel":"CNNInternationalEurope.us","title":[{"lang":"ru","value":"Anderson Cooper 360"}],"description":[{"lang":"ru","value":"Уникальный взгляд Андерсона Купера на главные события мира."}],"categories":[],"image":null,"start":1641859200,"stop":1641862800}],"MNetMovies2.za":[{"channel":"MNetMovies2.za","title":[{"lang":"en","value":"Fatman"}],"description":[],"categories":[],"image":null,"start":1641761700,"stop":1641767700},{"channel":"MNetMovies2.za","title":[{"lang":"en","value":"Motherless Brooklyn"}],"description":[],"categories":[],"image":null,"start":1641767700,"stop":1641776100},{"channel":"MNetMovies2.za","title":[{"lang":"en","value":"The Water Diviner"}],"description":[],"categories":[],"image":null,"start":1641776100,"stop":1641782700},{"channel":"MNetMovies2.za","title":[{"lang":"en","value":"Outbreak"}],"description":[],"categories":[],"image":null,"start":1641782700,"stop":1641790200},{"channel":"MNetMovies2.za","title":[{"lang":"en","value":"Paranoia"}],"description":[],"categories":[],"image":null,"start":1641790200,"stop":1641796500},{"channel":"MNetMovies2.za","title":[{"lang":"en","value":"Beyond The Line"}],"description":[],"categories":[],"image":null,"start":1641796500,"stop":1641801300},{"channel":"MNetMovies2.za","title":[{"lang":"en","value":"Backdraft"}],"description":[],"categories":[],"image":null,"start":1641801300,"stop":1641809400},{"channel":"MNetMovies2.za","title":[{"lang":"en","value":"Mafia"}],"description":[],"categories":[],"image":null,"start":1641809400,"stop":1641814500},{"channel":"MNetMovies2.za","title":[{"lang":"en","value":"12 Strong"}],"description":[],"categories":[],"image":null,"start":1641814500,"stop":1641822300},{"channel":"MNetMovies2.za","title":[{"lang":"en","value":"Robin Hood"}],"description":[],"categories":[],"image":null,"start":1641822300,"stop":1641829200},{"channel":"MNetMovies2.za","title":[{"lang":"en","value":"The Scorpion King"}],"description":[],"categories":[],"image":null,"start":1641829200,"stop":1641834780},{"channel":"MNetMovies2.za","title":[{"lang":"en","value":"The Last Witch Hunter"}],"description":[],"categories":[],"image":null,"start":1641834780,"stop":1641841200},{"channel":"MNetMovies2.za","title":[{"lang":"en","value":"Force Of Nature"}],"description":[],"categories":[],"image":null,"start":1641841200,"stop":1641847200},{"channel":"MNetMovies2.za","title":[{"lang":"en","value":"Bad Boys For Life"}],"description":[],"categories":[],"image":null,"start":1641847200,"stop":1641850800}]}