{"channels":[{"id":"6eren.dk","name":"6'eren","site":"allente.se","lang":"da","logo":"https://upload.wikimedia.org/wikipedia/commons/6/64/6%27eren_2015.png","url":"https://allente.se"}],"programs":[{"site":"allente.se","channel":"6eren.dk","titles":[{"value":"Diners, Drive-Ins and Dives","lang":"da"}],"sub_titles":[],"descriptions":[{"value":"Underholdning","lang":"da"}],"icon":{"src":"https://viasatps.api.comspace.se/PS/channeldate/image/viasat.ps/487/2022-10-24/se.cs.6eren.event.B_0254194276971024040000.jpg?size=2560x1440"},"episodeNumbers":[{"system":"xmltv_ns","value":"23.5.0/1"},{"system":"onscreen","value":"S24E06"}],"date":null,"start":1666584000000,"stop":1666585500000,"urls":[],"ratings":[],"categories":[{"value":"series","lang":"da"}],"directors":[],"actors":[],"writers":[],"adapters":[],"producers":[],"composers":[],"editors":[],"presenters":[],"commentators":[],"guests":[]}],"date":"2022-10-20"}