<?xml version="1.0" encoding="UTF-8" ?><tv date="20220505">
</tv>