<?xml version="1.0" encoding="UTF-8" ?><tv>
<channel id="CNNInternationalEurope.us"><display-name>CNN Int</display-name><icon src="https://www.magticom.ge/images/channels/MjAxOC8wOS8xMC9lZmJhNWU5Yy0yMmNiLTRkMTAtOWY5Ny01ODM0MzY0ZTg0MmEuanBn.jpg"/><url>https://magticom.ge</url></channel>
<programme start="20220110000000 +0000" stop="20220110010000 +0000" channel="CNNInternationalEurope.us"><title lang="ru">CNN Newsroom Sunday</title><desc lang="ru">Свежая мировая информационная сводка от CNN. О политике, экономике, общественной жизни, культуре, спорте.</desc></programme>
<programme start="20220110010000 +0000" stop="20220110020000 +0000" channel="CNNInternationalEurope.us"><title lang="ru">Fareed Zakaria GPS</title><desc lang="ru">Интервью с главными игроками мировой политики.</desc></programme>
<programme start="20220110020000 +0000" stop="20220110023000 +0000" channel="CNNInternationalEurope.us"><title lang="ru">African Voices Changemakers. 114-я серия</title><desc lang="ru">114-я серия. Африка сегодня - люди, новости, события.</desc></programme>
<programme start="20220110023000 +0000" stop="20220110024500 +0000" channel="CNNInternationalEurope.us"><title lang="ru">Marketplace Africa. 549-я серия</title><desc lang="ru">549-я серия. Информационная передача об экономических событиях африканского региона. Анализируются проблемы, даются экономические прогнозы.</desc></programme>
<programme start="20220110024500 +0000" stop="20220110030000 +0000" channel="CNNInternationalEurope.us"><title lang="ru">Marketplace Africa. 548-я серия</title><desc lang="ru">548-я серия. Информационная передача об экономических событиях африканского региона. Анализируются проблемы, даются экономические прогнозы.</desc></programme>
<programme start="20220110030000 +0000" stop="20220110033000 +0000" channel="CNNInternationalEurope.us"><title lang="ru">TBD</title><desc lang="ru">Информационно-познавательный проект CNN.</desc></programme>
<programme start="20220110033000 +0000" stop="20220110040000 +0000" channel="CNNInternationalEurope.us"><title lang="ru">Inside Africa. 586-я серия</title><desc lang="ru">586-я серия. Своеобразное &quot;путешествие&quot; по Африке - почувствуйте все разнообразие культур различных стран и регионов континента.</desc></programme>
<programme start="20220110040000 +0000" stop="20220110044500 +0000" channel="CNNInternationalEurope.us"><title lang="ru">CNN Newsroom with Michael Holmes</title><desc lang="ru">Обзор самых важных и актуальных новостей и событий из жизни страны и мира.</desc></programme>
<programme start="20220110044500 +0000" stop="20220110050000 +0000" channel="CNNInternationalEurope.us"><title lang="ru">World Sport</title><desc lang="ru">Все о главных спортивных событиях мира. Обзоры самых важных спортивных событий, аналитика, мнения экспертов.</desc></programme>
<programme start="20220110050000 +0000" stop="20220110060000 +0000" channel="CNNInternationalEurope.us"><title lang="ru">CNN Newsroom with Michael Holmes</title><desc lang="ru">Обзор самых важных и актуальных новостей и событий из жизни страны и мира.</desc></programme>
<programme start="20220110060000 +0000" stop="20220110064500 +0000" channel="CNNInternationalEurope.us"><title lang="ru">CNN Newsroom with Robyn Curnow</title><desc lang="ru">Обзор самых важных и актуальных новостей и событий из жизни страны и мира.</desc></programme>
<programme start="20220110064500 +0000" stop="20220110070000 +0000" channel="CNNInternationalEurope.us"><title lang="ru">World Sport</title><desc lang="ru">Все о главных спортивных событиях мира. Обзоры самых важных спортивных событий, аналитика, мнения экспертов.</desc></programme>
<programme start="20220110070000 +0000" stop="20220110090000 +0000" channel="CNNInternationalEurope.us"><title lang="ru">CNN Newsroom with Rosemary Church</title><desc lang="ru">Свежая мировая информационная сводка от CNN. О политике, экономике, общественной жизни, культуре, спорте.</desc></programme>
<programme start="20220110090000 +0000" stop="20220110100000 +0000" channel="CNNInternationalEurope.us"><title lang="ru">Early Start</title><desc lang="ru">Новости дня с Кристиной Романс и Дейвом Бриггсом.</desc></programme>
<programme start="20220110100000 +0000" stop="20220110123000 +0000" channel="CNNInternationalEurope.us"><title lang="ru">New Day</title><desc lang="ru">Свежий обзор событий в стране и мире.</desc></programme>
<programme start="20220110123000 +0000" stop="20220110130000 +0000" channel="CNNInternationalEurope.us"><title lang="ru">World Sport</title><desc lang="ru">Все о главных спортивных событиях мира. Обзоры самых важных спортивных событий, аналитика, мнения экспертов.</desc></programme>
<programme start="20220110130000 +0000" stop="20220110140000 +0000" channel="CNNInternationalEurope.us"><title lang="ru">First Move with Julia Chatterley</title><desc lang="ru">Несколько больших историй, связанных с открытием рынков в США.</desc></programme>
<programme start="20220110140000 +0000" stop="20220110144500 +0000" channel="CNNInternationalEurope.us"><title lang="ru">Connect the World</title><desc lang="ru">Актуальная мировая информация с разных континентов.</desc></programme>
<programme start="20220110144500 +0000" stop="20220110150000 +0000" channel="CNNInternationalEurope.us"><title lang="ru">World Sport</title><desc lang="ru">Все о главных спортивных событиях мира. Обзоры самых важных спортивных событий, аналитика, мнения экспертов.</desc></programme>
<programme start="20220110150000 +0000" stop="20220110160000 +0000" channel="CNNInternationalEurope.us"><title lang="ru">Connect the World</title><desc lang="ru">Актуальная мировая информация с разных континентов.</desc></programme>
<programme start="20220110160000 +0000" stop="20220110164500 +0000" channel="CNNInternationalEurope.us"><title lang="ru">One World with Zain Asher</title><desc lang="ru">Освещаются важные новости с каждого континента, от политики и текущих дел до социальных вопросов и многого другого.</desc></programme>
<programme start="20220110164500 +0000" stop="20220110170000 +0000" channel="CNNInternationalEurope.us"><title lang="ru">Marketplace Africa. 549-я серия</title><desc lang="ru">549-я серия. Информационная передача об экономических событиях африканского региона. Анализируются проблемы, даются экономические прогнозы.</desc></programme>
<programme start="20220110170000 +0000" stop="20220110180000 +0000" channel="CNNInternationalEurope.us"><title lang="ru">Amanpour</title><desc lang="ru">Сводка новостей от знаменитой ведущей канала CNN.</desc></programme>
<programme start="20220110180000 +0000" stop="20220110190000 +0000" channel="CNNInternationalEurope.us"><title lang="ru">Hala Gorani Tonight</title><desc lang="ru">Используя свой 25-летний журналистский опыт, Хала Горани будет освещать ключевые события в картине дня посредством диалога с гостями и экспертами-аналитиками.</desc></programme>
<programme start="20220110190000 +0000" stop="20220110194500 +0000" channel="CNNInternationalEurope.us"><title lang="ru">Quest Means Business</title><desc lang="ru">Ричард Квест возглавляет группу экспертов и корреспондентов, чтобы предоставить актуальные факты, цифры и анализ из делового мира.</desc></programme>
<programme start="20220110194500 +0000" stop="20220110200000 +0000" channel="CNNInternationalEurope.us"><title lang="ru">Connecting Africa. 114-я серия</title><desc lang="ru">114-я серия. Проект, рассказывающий о людях и компаниях, которые совершают революцию в африканском бизнесе, и о тех, кто объединяет континент, выступая за свободную торговлю в Африке.</desc></programme>
<programme start="20220110200000 +0000" stop="20220110210000 +0000" channel="CNNInternationalEurope.us"><title lang="ru">The Lead with Jake Tapper</title><desc lang="ru">Оперативная сводка новостей страны и мира.</desc></programme>
<programme start="20220110210000 +0000" stop="20220110213000 +0000" channel="CNNInternationalEurope.us"><title lang="ru">The Global Brief with Bianca Nobilo</title><desc lang="ru">Global Brief с Бьянкой Нобило проницательно исследует меняющийся мир для меняющейся аудитории, обеспечивая непревзойденную глубину и качество для занятых зрителей в быстро меняющемся мире.</desc></programme>
<programme start="20220110213000 +0000" stop="20220110220000 +0000" channel="CNNInternationalEurope.us"><title lang="ru">World Sport</title><desc lang="ru">Все о главных спортивных событиях мира. Обзоры самых важных спортивных событий, аналитика, мнения экспертов.</desc></programme>
<programme start="20220110220000 +0000" stop="20220110230000 +0000" channel="CNNInternationalEurope.us"><title lang="ru">The Situation Room with Wolf Blitzer</title><desc lang="ru">Командный центр новостей, политики и неординарных репортажей со всего мира.</desc></programme>
<programme start="20220110230000 +0000" stop="20220111000000 +0000" channel="CNNInternationalEurope.us"><title lang="ru">Erin Burnett OutFront</title><desc lang="ru">Обсуждение самых важных мировых тем в эфире канала CNN.</desc></programme>
<programme start="20220111000000 +0000" stop="20220111010000 +0000" channel="CNNInternationalEurope.us"><title lang="ru">Anderson Cooper 360</title><desc lang="ru">Уникальный взгляд Андерсона Купера на главные события мира.</desc></programme>
</tv>